Flow report for FPGA
Thu Mar 09 17:22:36 2017
Quartus II 64-Bit Version 13.1.0 Build 162 10/23/2013 SJ Full Version


---------------------
; Table of Contents ;
---------------------
  1. Legal Notice
  2. Flow Summary
  3. Flow Settings
  4. Flow Non-Default Global Settings
  5. Flow Elapsed Time
  6. Flow OS Summary
  7. Flow Log
  8. Flow Messages
  9. Flow Suppressed Messages



----------------
; Legal Notice ;
----------------
Copyright (C) 1991-2013 Altera Corporation
Your use of Altera Corporation's design tools, logic functions 
and other software and tools, and its AMPP partner logic 
functions, and any output files from any of the foregoing 
(including device programming or simulation files), and any 
associated documentation or information are expressly subject 
to the terms and conditions of the Altera Program License 
Subscription Agreement, Altera MegaCore Function License 
Agreement, or other applicable license agreement, including, 
without limitation, that your use is for the sole purpose of 
programming logic devices manufactured by Altera and sold by 
Altera or its authorized distributors.  Please refer to the 
applicable agreement for further details.



+----------------------------------------------------------------------------------+
; Flow Summary                                                                     ;
+------------------------------------+---------------------------------------------+
; Flow Status                        ; Successful - Thu Mar 09 17:22:36 2017       ;
; Quartus II 64-Bit Version          ; 13.1.0 Build 162 10/23/2013 SJ Full Version ;
; Revision Name                      ; FPGA                                        ;
; Top-level Entity Name              ; FPGA                                        ;
; Family                             ; Cyclone III                                 ;
; Device                             ; EP3C120F484C8                               ;
; Timing Models                      ; Final                                       ;
; Total logic elements               ; 6,377 / 119,088 ( 5 % )                     ;
;     Total combinational functions  ; 4,646 / 119,088 ( 4 % )                     ;
;     Dedicated logic registers      ; 4,997 / 119,088 ( 4 % )                     ;
; Total registers                    ; 4997                                        ;
; Total pins                         ; 189 / 284 ( 67 % )                          ;
; Total virtual pins                 ; 0                                           ;
; Total memory bits                  ; 626,740 / 3,981,312 ( 16 % )                ;
; Embedded Multiplier 9-bit elements ; 0 / 576 ( 0 % )                             ;
; Total PLLs                         ; 1 / 4 ( 25 % )                              ;
+------------------------------------+---------------------------------------------+


+-----------------------------------------+
; Flow Settings                           ;
+-------------------+---------------------+
; Option            ; Setting             ;
+-------------------+---------------------+
; Start date & time ; 03/09/2017 16:25:18 ;
; Main task         ; Compilation         ;
; Revision Name     ; FPGA                ;
+-------------------+---------------------+


+---------------------------------------------------------------------------------------------------------------------------------------------------------------------------------------------------------------------------------------------------------------------------------------------------------------------------------------------------------------------------------------------------------------------------------------------------------------------------------------------------------------------------------------------+
; Flow Non-Default Global Settings                                                                                                                                                                                                                                                                                                                                                                                                                                                                                                            ;
+-------------------------------------+--------------------------------------------------------------------------------------------------------------------------------------------------------------------------------------------------------------------------------------------------------------------------------------------------------------------------------------------------------------------------------------------------------------------------------------------------------+---------------+-------------+----------------+
; Assignment Name                     ; Value                                                                                                                                                                                                                                                                                                                                                                                                                                                  ; Default Value ; Entity Name ; Section Id     ;
+-------------------------------------+--------------------------------------------------------------------------------------------------------------------------------------------------------------------------------------------------------------------------------------------------------------------------------------------------------------------------------------------------------------------------------------------------------------------------------------------------------+---------------+-------------+----------------+
; COMPILER_SIGNATURE_ID               ; 92526986194238.148904791709184                                                                                                                                                                                                                                                                                                                                                                                                                         ; --            ; --          ; --             ;
; EDA_OUTPUT_DATA_FORMAT              ; Verilog Hdl                                                                                                                                                                                                                                                                                                                                                                                                                                            ; --            ; --          ; eda_simulation ;
; EDA_SIMULATION_TOOL                 ; ModelSim-Altera (Verilog)                                                                                                                                                                                                                                                                                                                                                                                                                              ; <None>        ; --          ; --             ;
; ENABLE_SIGNALTAP                    ; On                                                                                                                                                                                                                                                                                                                                                                                                                                                     ; --            ; --          ; --             ;
; IP_TOOL_NAME                        ; ALTPLL                                                                                                                                                                                                                                                                                                                                                                                                                                                 ; --            ; --          ; --             ;
; IP_TOOL_NAME                        ; FIFO                                                                                                                                                                                                                                                                                                                                                                                                                                                   ; --            ; --          ; --             ;
; IP_TOOL_NAME                        ; ALTPLL                                                                                                                                                                                                                                                                                                                                                                                                                                                 ; --            ; --          ; --             ;
; IP_TOOL_NAME                        ; FIFO                                                                                                                                                                                                                                                                                                                                                                                                                                                   ; --            ; --          ; --             ;
; IP_TOOL_NAME                        ; RAM: 2-PORT                                                                                                                                                                                                                                                                                                                                                                                                                                            ; --            ; --          ; --             ;
; IP_TOOL_NAME                        ; RAM: 2-PORT                                                                                                                                                                                                                                                                                                                                                                                                                                            ; --            ; --          ; --             ;
; IP_TOOL_VERSION                     ; 13.1                                                                                                                                                                                                                                                                                                                                                                                                                                                   ; --            ; --          ; --             ;
; IP_TOOL_VERSION                     ; 13.1                                                                                                                                                                                                                                                                                                                                                                                                                                                   ; --            ; --          ; --             ;
; IP_TOOL_VERSION                     ; 13.1                                                                                                                                                                                                                                                                                                                                                                                                                                                   ; --            ; --          ; --             ;
; IP_TOOL_VERSION                     ; 13.1                                                                                                                                                                                                                                                                                                                                                                                                                                                   ; --            ; --          ; --             ;
; IP_TOOL_VERSION                     ; 13.1                                                                                                                                                                                                                                                                                                                                                                                                                                                   ; --            ; --          ; --             ;
; IP_TOOL_VERSION                     ; 13.1                                                                                                                                                                                                                                                                                                                                                                                                                                                   ; --            ; --          ; --             ;
; MAX_CORE_JUNCTION_TEMP              ; 85                                                                                                                                                                                                                                                                                                                                                                                                                                                     ; --            ; --          ; --             ;
; MIN_CORE_JUNCTION_TEMP              ; 0                                                                                                                                                                                                                                                                                                                                                                                                                                                      ; --            ; --          ; --             ;
; MISC_FILE                           ; hnr_pll_bb.v                                                                                                                                                                                                                                                                                                                                                                                                                                           ; --            ; --          ; --             ;
; MISC_FILE                           ; hnr_pll.ppf                                                                                                                                                                                                                                                                                                                                                                                                                                            ; --            ; --          ; --             ;
; MISC_FILE                           ; hnr_fifo_bb.v                                                                                                                                                                                                                                                                                                                                                                                                                                          ; --            ; --          ; --             ;
; MISC_FILE                           ; sig_pll_bb.v                                                                                                                                                                                                                                                                                                                                                                                                                                           ; --            ; --          ; --             ;
; MISC_FILE                           ; sig_pll.ppf                                                                                                                                                                                                                                                                                                                                                                                                                                            ; --            ; --          ; --             ;
; MISC_FILE                           ; fifo_doppler_bb.v                                                                                                                                                                                                                                                                                                                                                                                                                                      ; --            ; --          ; --             ;
; MISC_FILE                           ; ram_ca.bsf                                                                                                                                                                                                                                                                                                                                                                                                                                             ; --            ; --          ; --             ;
; MISC_FILE                           ; ram_ca_inst.v                                                                                                                                                                                                                                                                                                                                                                                                                                          ; --            ; --          ; --             ;
; MISC_FILE                           ; ram_ca_bb.v                                                                                                                                                                                                                                                                                                                                                                                                                                            ; --            ; --          ; --             ;
; MISC_FILE                           ; ram_ca.inc                                                                                                                                                                                                                                                                                                                                                                                                                                             ; --            ; --          ; --             ;
; MISC_FILE                           ; ram_ca.cmp                                                                                                                                                                                                                                                                                                                                                                                                                                             ; --            ; --          ; --             ;
; MISC_FILE                           ; ram_msg.bsf                                                                                                                                                                                                                                                                                                                                                                                                                                            ; --            ; --          ; --             ;
; MISC_FILE                           ; ram_msg_inst.v                                                                                                                                                                                                                                                                                                                                                                                                                                         ; --            ; --          ; --             ;
; MISC_FILE                           ; ram_msg_bb.v                                                                                                                                                                                                                                                                                                                                                                                                                                           ; --            ; --          ; --             ;
; MISC_FILE                           ; ram_msg.inc                                                                                                                                                                                                                                                                                                                                                                                                                                            ; --            ; --          ; --             ;
; MISC_FILE                           ; ram_msg.cmp                                                                                                                                                                                                                                                                                                                                                                                                                                            ; --            ; --          ; --             ;
; OUTPUT_IO_TIMING_FAR_END_VMEAS      ; Half Signal Swing                                                                                                                                                                                                                                                                                                                                                                                                                                      ; --            ; --          ; --             ;
; OUTPUT_IO_TIMING_FAR_END_VMEAS      ; Half Signal Swing                                                                                                                                                                                                                                                                                                                                                                                                                                      ; --            ; --          ; --             ;
; OUTPUT_IO_TIMING_NEAR_END_VMEAS     ; Half Vccio                                                                                                                                                                                                                                                                                                                                                                                                                                             ; --            ; --          ; --             ;
; OUTPUT_IO_TIMING_NEAR_END_VMEAS     ; Half Vccio                                                                                                                                                                                                                                                                                                                                                                                                                                             ; --            ; --          ; --             ;
; PARTITION_COLOR                     ; 16764057                                                                                                                                                                                                                                                                                                                                                                                                                                               ; --            ; --          ; Top            ;
; PARTITION_FITTER_PRESERVATION_LEVEL ; PLACEMENT_AND_ROUTING                                                                                                                                                                                                                                                                                                                                                                                                                                  ; --            ; --          ; Top            ;
; PARTITION_NETLIST_TYPE              ; SOURCE                                                                                                                                                                                                                                                                                                                                                                                                                                                 ; --            ; --          ; Top            ;
; PROJECT_OUTPUT_DIRECTORY            ; output_files                                                                                                                                                                                                                                                                                                                                                                                                                                           ; --            ; --          ; --             ;
; SLD_FILE                            ; db/stp1_auto_stripped.stp                                                                                                                                                                                                                                                                                                                                                                                                                              ; --            ; --          ; --             ;
; SLD_NODE_CREATOR_ID                 ; 110                                                                                                                                                                                                                                                                                                                                                                                                                                                    ; --            ; --          ; --             ;
; SLD_NODE_ENTITY_NAME                ; sld_signaltap                                                                                                                                                                                                                                                                                                                                                                                                                                          ; --            ; --          ; --             ;
; SLD_NODE_PARAMETER_ASSIGNMENT       ; SLD_RAM_BLOCK_TYPE=AUTO                                                                                                                                                                                                                                                                                                                                                                                                                                ; --            ; --          ; --             ;
; SLD_NODE_PARAMETER_ASSIGNMENT       ; SLD_NODE_INFO=805334528                                                                                                                                                                                                                                                                                                                                                                                                                                ; --            ; --          ; --             ;
; SLD_NODE_PARAMETER_ASSIGNMENT       ; SLD_POWER_UP_TRIGGER=0                                                                                                                                                                                                                                                                                                                                                                                                                                 ; --            ; --          ; --             ;
; SLD_NODE_PARAMETER_ASSIGNMENT       ; SLD_STORAGE_QUALIFIER_INVERSION_MASK_LENGTH=0                                                                                                                                                                                                                                                                                                                                                                                                          ; --            ; --          ; --             ;
; SLD_NODE_PARAMETER_ASSIGNMENT       ; SLD_ATTRIBUTE_MEM_MODE=OFF                                                                                                                                                                                                                                                                                                                                                                                                                             ; --            ; --          ; --             ;
; SLD_NODE_PARAMETER_ASSIGNMENT       ; SLD_STATE_FLOW_USE_GENERATED=0                                                                                                                                                                                                                                                                                                                                                                                                                         ; --            ; --          ; --             ;
; SLD_NODE_PARAMETER_ASSIGNMENT       ; SLD_STATE_BITS=11                                                                                                                                                                                                                                                                                                                                                                                                                                      ; --            ; --          ; --             ;
; SLD_NODE_PARAMETER_ASSIGNMENT       ; SLD_BUFFER_FULL_STOP=1                                                                                                                                                                                                                                                                                                                                                                                                                                 ; --            ; --          ; --             ;
; SLD_NODE_PARAMETER_ASSIGNMENT       ; SLD_CURRENT_RESOURCE_WIDTH=1                                                                                                                                                                                                                                                                                                                                                                                                                           ; --            ; --          ; --             ;
; SLD_NODE_PARAMETER_ASSIGNMENT       ; SLD_TRIGGER_IN_ENABLED=0                                                                                                                                                                                                                                                                                                                                                                                                                               ; --            ; --          ; --             ;
; SLD_NODE_PARAMETER_ASSIGNMENT       ; SLD_TRIGGER_LEVEL_PIPELINE=1                                                                                                                                                                                                                                                                                                                                                                                                                           ; --            ; --          ; --             ;
; SLD_NODE_PARAMETER_ASSIGNMENT       ; SLD_SEGMENT_SIZE=4096                                                                                                                                                                                                                                                                                                                                                                                                                                  ; --            ; --          ; --             ;
; SLD_NODE_PARAMETER_ASSIGNMENT       ; SLD_SAMPLE_DEPTH=4096                                                                                                                                                                                                                                                                                                                                                                                                                                  ; --            ; --          ; --             ;
; SLD_NODE_PARAMETER_ASSIGNMENT       ; SLD_ENABLE_ADVANCED_TRIGGER=1                                                                                                                                                                                                                                                                                                                                                                                                                          ; --            ; --          ; --             ;
; SLD_NODE_PARAMETER_ASSIGNMENT       ; SLD_TRIGGER_LEVEL=3                                                                                                                                                                                                                                                                                                                                                                                                                                    ; --            ; --          ; --             ;
; SLD_NODE_PARAMETER_ASSIGNMENT       ; SLD_DATA_BITS=131                                                                                                                                                                                                                                                                                                                                                                                                                                      ; --            ; --          ; --             ;
; SLD_NODE_PARAMETER_ASSIGNMENT       ; SLD_TRIGGER_BITS=131                                                                                                                                                                                                                                                                                                                                                                                                                                   ; --            ; --          ; --             ;
; SLD_NODE_PARAMETER_ASSIGNMENT       ; SLD_INVERSION_MASK=00000000000000000000000000000000000000000000000000000000000000000000000000000000000000000000000000000000000000000000000000000000000000000000000000000000000000000000000000000000000000000000000000000000000000000000000000000000000000000000000000000000000000000000000000000000000000000000000000000000000000000000000000000000000000000000000000000000000000000000000000000000000000000000000000000000000000000000000000000000000 ; --            ; --          ; --             ;
; SLD_NODE_PARAMETER_ASSIGNMENT       ; SLD_INVERSION_MASK_LENGTH=419                                                                                                                                                                                                                                                                                                                                                                                                                          ; --            ; --          ; --             ;
; SLD_NODE_PARAMETER_ASSIGNMENT       ; SLD_NODE_CRC_LOWORD=48416                                                                                                                                                                                                                                                                                                                                                                                                                              ; --            ; --          ; --             ;
; SLD_NODE_PARAMETER_ASSIGNMENT       ; SLD_NODE_CRC_HIWORD=46614                                                                                                                                                                                                                                                                                                                                                                                                                              ; --            ; --          ; --             ;
; SLD_NODE_PARAMETER_ASSIGNMENT       ; SLD_ADVANCED_TRIGGER_ENTITY=sld_reserved_FPGA_FPGA_1_4edd,basic,1,sld_reserved_FPGA_FPGA_3_ec3b,                                                                                                                                                                                                                                                                                                                                                       ; --            ; --          ; --             ;
; USE_SIGNALTAP_FILE                  ; output_files/stp1.stp                                                                                                                                                                                                                                                                                                                                                                                                                                  ; --            ; --          ; --             ;
+-------------------------------------+--------------------------------------------------------------------------------------------------------------------------------------------------------------------------------------------------------------------------------------------------------------------------------------------------------------------------------------------------------------------------------------------------------------------------------------------------------+---------------+-------------+----------------+


+-------------------------------------------------------------------------------------------------------------------------------+
; Flow Elapsed Time                                                                                                             ;
+---------------------------+--------------+-------------------------+---------------------+------------------------------------+
; Module Name               ; Elapsed Time ; Average Processors Used ; Peak Virtual Memory ; Total CPU Time (on all processors) ;
+---------------------------+--------------+-------------------------+---------------------+------------------------------------+
; Analysis & Synthesis      ; 00:00:29     ; 1.0                     ; 730 MB              ; 00:00:29                           ;
; Fitter                    ; 00:00:25     ; 1.5                     ; 1530 MB             ; 00:00:32                           ;
; Assembler                 ; 00:00:05     ; 1.0                     ; 518 MB              ; 00:00:05                           ;
; TimeQuest Timing Analyzer ; 00:00:05     ; 1.0                     ; 691 MB              ; 00:00:05                           ;
; EDA Netlist Writer        ; 00:00:05     ; 1.0                     ; 495 MB              ; 00:00:04                           ;
; Analysis & Synthesis      ; 00:00:33     ; 1.7                     ; 728 MB              ; 00:00:35                           ;
; Partition Merge           ; 00:00:02     ; 1.0                     ; 583 MB              ; 00:00:02                           ;
; Fitter                    ; 00:00:25     ; 1.5                     ; 1546 MB             ; 00:00:33                           ;
; Assembler                 ; 00:00:06     ; 1.0                     ; 517 MB              ; 00:00:05                           ;
; TimeQuest Timing Analyzer ; 00:00:06     ; 1.8                     ; 693 MB              ; 00:00:05                           ;
; EDA Netlist Writer        ; 00:00:05     ; 1.0                     ; 503 MB              ; 00:00:04                           ;
; Analysis & Synthesis      ; 00:00:32     ; 2.4                     ; 729 MB              ; 00:00:41                           ;
; Partition Merge           ; 00:00:02     ; 1.0                     ; 579 MB              ; 00:00:02                           ;
; Fitter                    ; 00:00:32     ; 1.7                     ; 1584 MB             ; 00:00:43                           ;
; Assembler                 ; 00:00:05     ; 1.0                     ; 530 MB              ; 00:00:05                           ;
; TimeQuest Timing Analyzer ; 00:00:06     ; 1.5                     ; 723 MB              ; 00:00:06                           ;
; EDA Netlist Writer        ; 00:00:09     ; 1.0                     ; 530 MB              ; 00:00:08                           ;
; Analysis & Synthesis      ; 00:00:32     ; 2.4                     ; 731 MB              ; 00:00:41                           ;
; Partition Merge           ; 00:00:02     ; 1.0                     ; 567 MB              ; 00:00:02                           ;
; Fitter                    ; 00:00:38     ; 1.4                     ; 1658 MB             ; 00:00:49                           ;
; Assembler                 ; 00:00:06     ; 1.0                     ; 530 MB              ; 00:00:06                           ;
; TimeQuest Timing Analyzer ; 00:00:06     ; 1.2                     ; 724 MB              ; 00:00:06                           ;
; EDA Netlist Writer        ; 00:00:09     ; 1.0                     ; 526 MB              ; 00:00:08                           ;
; Analysis & Synthesis      ; 00:00:04     ; 1.0                     ; 608 MB              ; 00:00:03                           ;
; Analysis & Synthesis      ; 00:00:04     ; 1.0                     ; 601 MB              ; 00:00:03                           ;
; Analysis & Synthesis      ; 00:00:10     ; 1.0                     ; 721 MB              ; 00:00:09                           ;
; Analysis & Synthesis      ; 00:00:11     ; 1.0                     ; 720 MB              ; 00:00:10                           ;
; Analysis & Synthesis      ; 00:00:09     ; 1.0                     ; 724 MB              ; 00:00:09                           ;
; Analysis & Synthesis      ; 00:00:32     ; 2.4                     ; 723 MB              ; 00:00:41                           ;
; Partition Merge           ; 00:00:02     ; 1.0                     ; 575 MB              ; 00:00:02                           ;
; Fitter                    ; 00:00:32     ; 1.5                     ; 1570 MB             ; 00:00:42                           ;
; Assembler                 ; 00:00:05     ; 1.0                     ; 530 MB              ; 00:00:05                           ;
; TimeQuest Timing Analyzer ; 00:00:07     ; 1.0                     ; 722 MB              ; 00:00:06                           ;
; EDA Netlist Writer        ; 00:00:09     ; 1.0                     ; 535 MB              ; 00:00:08                           ;
; Analysis & Synthesis      ; 00:00:33     ; 2.4                     ; 728 MB              ; 00:00:42                           ;
; Partition Merge           ; 00:00:02     ; 1.0                     ; 575 MB              ; 00:00:02                           ;
; Fitter                    ; 00:00:32     ; 1.6                     ; 1586 MB             ; 00:00:44                           ;
; Assembler                 ; 00:00:05     ; 1.0                     ; 530 MB              ; 00:00:05                           ;
; TimeQuest Timing Analyzer ; 00:00:06     ; 1.0                     ; 717 MB              ; 00:00:06                           ;
; EDA Netlist Writer        ; 00:00:09     ; 1.0                     ; 526 MB              ; 00:00:08                           ;
; Analysis & Synthesis      ; 00:00:32     ; 1.7                     ; 731 MB              ; 00:00:34                           ;
; Partition Merge           ; 00:00:02     ; 1.0                     ; 592 MB              ; 00:00:02                           ;
; Analysis & Synthesis      ; 00:00:33     ; 2.3                     ; 724 MB              ; 00:00:41                           ;
; Partition Merge           ; 00:00:02     ; 1.0                     ; 563 MB              ; 00:00:02                           ;
; Fitter                    ; 00:00:32     ; 1.5                     ; 1578 MB             ; 00:00:43                           ;
; Assembler                 ; 00:00:05     ; 1.0                     ; 526 MB              ; 00:00:05                           ;
; TimeQuest Timing Analyzer ; 00:00:06     ; 1.5                     ; 717 MB              ; 00:00:06                           ;
; EDA Netlist Writer        ; 00:00:10     ; 1.0                     ; 539 MB              ; 00:00:08                           ;
; Analysis & Synthesis      ; 00:00:33     ; 2.4                     ; 727 MB              ; 00:00:41                           ;
; Partition Merge           ; 00:00:02     ; 1.0                     ; 575 MB              ; 00:00:02                           ;
; Fitter                    ; 00:00:31     ; 1.4                     ; 1569 MB             ; 00:00:42                           ;
; Assembler                 ; 00:00:05     ; 1.0                     ; 530 MB              ; 00:00:05                           ;
; TimeQuest Timing Analyzer ; 00:00:06     ; 1.5                     ; 717 MB              ; 00:00:06                           ;
; EDA Netlist Writer        ; 00:00:09     ; 1.0                     ; 531 MB              ; 00:00:08                           ;
; Total                     ; 00:12:25     ; --                      ; --                  ; 00:14:26                           ;
+---------------------------+--------------+-------------------------+---------------------+------------------------------------+


+----------------------------------------------------------------------------------------+
; Flow OS Summary                                                                        ;
+---------------------------+------------------+-----------+------------+----------------+
; Module Name               ; Machine Hostname ; OS Name   ; OS Version ; Processor type ;
+---------------------------+------------------+-----------+------------+----------------+
; Analysis & Synthesis      ; nh-laptop        ; Windows 7 ; 6.2        ; x86_64         ;
; Fitter                    ; nh-laptop        ; Windows 7 ; 6.2        ; x86_64         ;
; Assembler                 ; nh-laptop        ; Windows 7 ; 6.2        ; x86_64         ;
; TimeQuest Timing Analyzer ; nh-laptop        ; Windows 7 ; 6.2        ; x86_64         ;
; EDA Netlist Writer        ; nh-laptop        ; Windows 7 ; 6.2        ; x86_64         ;
; Analysis & Synthesis      ; nh-laptop        ; Windows 7 ; 6.2        ; x86_64         ;
; Partition Merge           ; nh-laptop        ; Windows 7 ; 6.2        ; x86_64         ;
; Fitter                    ; nh-laptop        ; Windows 7 ; 6.2        ; x86_64         ;
; Assembler                 ; nh-laptop        ; Windows 7 ; 6.2        ; x86_64         ;
; TimeQuest Timing Analyzer ; nh-laptop        ; Windows 7 ; 6.2        ; x86_64         ;
; EDA Netlist Writer        ; nh-laptop        ; Windows 7 ; 6.2        ; x86_64         ;
; Analysis & Synthesis      ; nh-laptop        ; Windows 7 ; 6.2        ; x86_64         ;
; Partition Merge           ; nh-laptop        ; Windows 7 ; 6.2        ; x86_64         ;
; Fitter                    ; nh-laptop        ; Windows 7 ; 6.2        ; x86_64         ;
; Assembler                 ; nh-laptop        ; Windows 7 ; 6.2        ; x86_64         ;
; TimeQuest Timing Analyzer ; nh-laptop        ; Windows 7 ; 6.2        ; x86_64         ;
; EDA Netlist Writer        ; nh-laptop        ; Windows 7 ; 6.2        ; x86_64         ;
; Analysis & Synthesis      ; nh-laptop        ; Windows 7 ; 6.2        ; x86_64         ;
; Partition Merge           ; nh-laptop        ; Windows 7 ; 6.2        ; x86_64         ;
; Fitter                    ; nh-laptop        ; Windows 7 ; 6.2        ; x86_64         ;
; Assembler                 ; nh-laptop        ; Windows 7 ; 6.2        ; x86_64         ;
; TimeQuest Timing Analyzer ; nh-laptop        ; Windows 7 ; 6.2        ; x86_64         ;
; EDA Netlist Writer        ; nh-laptop        ; Windows 7 ; 6.2        ; x86_64         ;
; Analysis & Synthesis      ; nh-laptop        ; Windows 7 ; 6.2        ; x86_64         ;
; Analysis & Synthesis      ; nh-laptop        ; Windows 7 ; 6.2        ; x86_64         ;
; Analysis & Synthesis      ; nh-laptop        ; Windows 7 ; 6.2        ; x86_64         ;
; Analysis & Synthesis      ; nh-laptop        ; Windows 7 ; 6.2        ; x86_64         ;
; Analysis & Synthesis      ; nh-laptop        ; Windows 7 ; 6.2        ; x86_64         ;
; Analysis & Synthesis      ; nh-laptop        ; Windows 7 ; 6.2        ; x86_64         ;
; Partition Merge           ; nh-laptop        ; Windows 7 ; 6.2        ; x86_64         ;
; Fitter                    ; nh-laptop        ; Windows 7 ; 6.2        ; x86_64         ;
; Assembler                 ; nh-laptop        ; Windows 7 ; 6.2        ; x86_64         ;
; TimeQuest Timing Analyzer ; nh-laptop        ; Windows 7 ; 6.2        ; x86_64         ;
; EDA Netlist Writer        ; nh-laptop        ; Windows 7 ; 6.2        ; x86_64         ;
; Analysis & Synthesis      ; nh-laptop        ; Windows 7 ; 6.2        ; x86_64         ;
; Partition Merge           ; nh-laptop        ; Windows 7 ; 6.2        ; x86_64         ;
; Fitter                    ; nh-laptop        ; Windows 7 ; 6.2        ; x86_64         ;
; Assembler                 ; nh-laptop        ; Windows 7 ; 6.2        ; x86_64         ;
; TimeQuest Timing Analyzer ; nh-laptop        ; Windows 7 ; 6.2        ; x86_64         ;
; EDA Netlist Writer        ; nh-laptop        ; Windows 7 ; 6.2        ; x86_64         ;
; Analysis & Synthesis      ; nh-laptop        ; Windows 7 ; 6.2        ; x86_64         ;
; Partition Merge           ; nh-laptop        ; Windows 7 ; 6.2        ; x86_64         ;
; Analysis & Synthesis      ; nh-laptop        ; Windows 7 ; 6.2        ; x86_64         ;
; Partition Merge           ; nh-laptop        ; Windows 7 ; 6.2        ; x86_64         ;
; Fitter                    ; nh-laptop        ; Windows 7 ; 6.2        ; x86_64         ;
; Assembler                 ; nh-laptop        ; Windows 7 ; 6.2        ; x86_64         ;
; TimeQuest Timing Analyzer ; nh-laptop        ; Windows 7 ; 6.2        ; x86_64         ;
; EDA Netlist Writer        ; nh-laptop        ; Windows 7 ; 6.2        ; x86_64         ;
; Analysis & Synthesis      ; nh-laptop        ; Windows 7 ; 6.2        ; x86_64         ;
; Partition Merge           ; nh-laptop        ; Windows 7 ; 6.2        ; x86_64         ;
; Fitter                    ; nh-laptop        ; Windows 7 ; 6.2        ; x86_64         ;
; Assembler                 ; nh-laptop        ; Windows 7 ; 6.2        ; x86_64         ;
; TimeQuest Timing Analyzer ; nh-laptop        ; Windows 7 ; 6.2        ; x86_64         ;
; EDA Netlist Writer        ; nh-laptop        ; Windows 7 ; 6.2        ; x86_64         ;
+---------------------------+------------------+-----------+------------+----------------+


------------
; Flow Log ;
------------
quartus_map --read_settings_files=on --write_settings_files=off FPGA -c FPGA
quartus_fit --read_settings_files=off --write_settings_files=off FPGA -c FPGA
quartus_asm --read_settings_files=off --write_settings_files=off FPGA -c FPGA
quartus_sta FPGA -c FPGA
quartus_eda --read_settings_files=off --write_settings_files=off FPGA -c FPGA
quartus_map --read_settings_files=on --write_settings_files=off FPGA -c FPGA
quartus_cdb --read_settings_files=off --write_settings_files=off FPGA -c FPGA --merge=on
quartus_fit --read_settings_files=off --write_settings_files=off FPGA -c FPGA
quartus_asm --read_settings_files=off --write_settings_files=off FPGA -c FPGA
quartus_sta FPGA -c FPGA
quartus_eda --read_settings_files=off --write_settings_files=off FPGA -c FPGA
quartus_map --read_settings_files=on --write_settings_files=off FPGA -c FPGA
quartus_cdb --read_settings_files=off --write_settings_files=off FPGA -c FPGA --merge=on
quartus_fit --read_settings_files=off --write_settings_files=off FPGA -c FPGA
quartus_asm --read_settings_files=off --write_settings_files=off FPGA -c FPGA
quartus_sta FPGA -c FPGA
quartus_eda --read_settings_files=off --write_settings_files=off FPGA -c FPGA
quartus_map --read_settings_files=on --write_settings_files=off FPGA -c FPGA
quartus_cdb --read_settings_files=off --write_settings_files=off FPGA -c FPGA --merge=on
quartus_fit --read_settings_files=off --write_settings_files=off FPGA -c FPGA
quartus_asm --read_settings_files=off --write_settings_files=off FPGA -c FPGA
quartus_sta FPGA -c FPGA
quartus_eda --read_settings_files=off --write_settings_files=off FPGA -c FPGA
quartus_map --read_settings_files=on --write_settings_files=off FPGA -c FPGA
quartus_map --read_settings_files=on --write_settings_files=off FPGA -c FPGA
quartus_map --read_settings_files=on --write_settings_files=off FPGA -c FPGA
quartus_map --read_settings_files=on --write_settings_files=off FPGA -c FPGA
quartus_map --read_settings_files=on --write_settings_files=off FPGA -c FPGA
quartus_map --read_settings_files=on --write_settings_files=off FPGA -c FPGA
quartus_cdb --read_settings_files=off --write_settings_files=off FPGA -c FPGA --merge=on
quartus_fit --read_settings_files=off --write_settings_files=off FPGA -c FPGA
quartus_asm --read_settings_files=off --write_settings_files=off FPGA -c FPGA
quartus_sta FPGA -c FPGA
quartus_eda --read_settings_files=off --write_settings_files=off FPGA -c FPGA
quartus_map --read_settings_files=on --write_settings_files=off FPGA -c FPGA
quartus_cdb --read_settings_files=off --write_settings_files=off FPGA -c FPGA --merge=on
quartus_fit --read_settings_files=off --write_settings_files=off FPGA -c FPGA
quartus_asm --read_settings_files=off --write_settings_files=off FPGA -c FPGA
quartus_sta FPGA -c FPGA
quartus_eda --read_settings_files=off --write_settings_files=off FPGA -c FPGA
quartus_map --read_settings_files=on --write_settings_files=off FPGA -c FPGA
quartus_cdb --read_settings_files=off --write_settings_files=off FPGA -c FPGA --merge=on
quartus_map --read_settings_files=on --write_settings_files=off FPGA -c FPGA
quartus_cdb --read_settings_files=off --write_settings_files=off FPGA -c FPGA --merge=on
quartus_fit --read_settings_files=off --write_settings_files=off FPGA -c FPGA
quartus_asm --read_settings_files=off --write_settings_files=off FPGA -c FPGA
quartus_sta FPGA -c FPGA
quartus_eda --read_settings_files=off --write_settings_files=off FPGA -c FPGA
quartus_map --read_settings_files=on --write_settings_files=off FPGA -c FPGA
quartus_cdb --read_settings_files=off --write_settings_files=off FPGA -c FPGA --merge=on
quartus_fit --read_settings_files=off --write_settings_files=off FPGA -c FPGA
quartus_asm --read_settings_files=off --write_settings_files=off FPGA -c FPGA
quartus_sta FPGA -c FPGA
quartus_eda --read_settings_files=off --write_settings_files=off FPGA -c FPGA



